---
source: crates/markdown-core/tests/code.rs
expression: report(&fixture(name))
---
89..91 Keyword "fn"
92..97 Function "tilde"
103..107 Keyword "bool"
110..114 Number "true"
193..194 Keyword "="
196..197 Number "1"
199..200 Number "2"
202..203 Number "3"
217..220 Keyword "let"
221..227 Variable "dotted"
228..229 Keyword "="
230..231 Number "1"
294..297 Keyword "def"
298..304 Function "quoted"
305..306 Variable "a"
317..323 Keyword "return"
324..327 String "\"q\""
329..341 Comment "# in a quote"
390..393 Keyword "let"
402..403 Keyword "="
404..407 String "'c'"
412..433 Comment "// after a blank line"
477..481 Function "echo"
551..556 Keyword "const"
557..558 Variable "s"
559..560 Keyword "="
561..577 String "\"héllo 🎉 wörld\""
579..590 Comment "// 🎉 emoji"
801..804 Keyword "let"
810..811 Keyword "="
812..813 Number "1"
