---
source: crates/markdown-core/tests/export.rs
expression: plain(&text)
---
Heading One

A paragraph with emphasis, strong, inline code, and a link (https://example.com).
A hard break follows
on the next line.

Lists

- one
- two
  - nested

1. first
2. second

    A block quote
    over two lines.

---

    plain fence

    indented code

alt text
