---
source: crates/markdown-core/tests/export.rs
expression: plain(&text)
---
Export Formats

A paragraph with emphasis, strong text, struck words, inline code, a link to the site (https://example.com/site) and the bare address https://example.com/bare in it, a wikilink and a footnote[1].
A second line of the same paragraph.
After a hard break.

Lists

- First bullet
- Second bullet
  - Nested bullet
  - Another nested bullet
- Third bullet

3. Starts at three
4. Goes on to four
5. And five

- [ ] An open task
- [x] A finished task

Items with more than a line:

- A loose item

  With a second paragraph in it.

- Another loose item

Quote and code

    A quoted thought, as a block quote
    over two lines.

    let greeting = "Hello"
    print(greeting)

Table

Name   Count  Note
-----  -----  -----
Apple      3   red
Pear      12  green

---

A small picture

The end.

[1] The footnote's text, with emphasis.
